
> client@0.0.0 build
> tsc -b && vite build

vite v7.2.4 building client environment for production...
transforming...
✓ 2540 modules transformed.
rendering chunks...
computing gzip size...
dist/index.html                                   0.74 kB │ gzip:   0.43 kB
dist/assets/stringExtractionWorker-BnpXIUxO.js    2.80 kB
dist/assets/index-BoyxCK2V.css                   59.10 kB │ gzip:  10.44 kB
dist/assets/index-CWfxGU_Z.js                   869.32 kB │ gzip: 272.86 kB

(!) Some chunks are larger than 500 kB after minification. Consider:
- Using dynamic import() to code-split the application
- Use build.rollupOptions.output.manualChunks to improve chunking: https://rollupjs.org/configuration-options/#output-manualchunks
- Adjust chunk size limit for this warning via build.chunkSizeWarningLimit.
✓ built in 18.76s
